Token(type: TokenType.identifier, lexeme: This, literal: This, line: 1)
Token(type: TokenType.identifier, lexeme: is, literal: is, line: 1)
Token(type: TokenType.identifier, lexeme: the, literal: the, line: 1)
Token(type: TokenType.identifier, lexeme: Filo1, literal: Filo1, line: 1)
Token(type: TokenType.identifier, lexeme: Language, literal: Language, line: 1)
Token(type: TokenType.repFor, lexeme: for, literal: for, line: 1)
Token(type: TokenType.boolTrue, lexeme: true, literal: true, line: 1)
Token(type: TokenType.repWhile, lexeme: while, literal: while, line: 1)
Token(type: TokenType.boolFalse, lexeme: false, literal: false, line: 1)
Token(type: TokenType.typeNull, lexeme: null, literal: null, line: 1)
Token(type: TokenType.condIf, lexeme: if, literal: if, line: 1)
Token(type: TokenType.condElse, lexeme: else, literal: else, line: 1)
Token(type: TokenType.condIfelse, lexeme: ifelse, literal: ifelse, line: 1)
Token(type: TokenType.identifier, lexeme: i, literal: i, line: 1)
Token(type: TokenType.termLine, lexeme: \n, literal: null, line: 2)
Token(type: TokenType.identifier, lexeme: f, literal: f, line: 2)
Token(type: TokenType.string, lexeme: "try the line breeak", literal: try the line breeak, line: 2)
Token(type: TokenType.greater, lexeme: >, literal: >, line: 2)
Token(type: TokenType.less, lexeme: <, literal: <, line: 2)
Token(type: TokenType.greaterEqual, lexeme: >=, literal: >, line: 2)
Token(type: TokenType.lessEqual, lexeme: <=, literal: <, line: 2)
Token(type: TokenType.notEqual, lexeme: !=, literal: !, line: 2)
Token(type: TokenType.equalEqual, lexeme: ==, literal: =, line: 2)
Token(type: TokenType.number, lexeme: 1, literal: 1.0, line: 2)
Token(type: TokenType.termFile, lexeme: EOF, literal: null, line: 2)